10:26:11 **** Incremental Build of configuration Debug for project 007Volatile ****
make -j12 all 
arm-none-eabi-gcc "../Src/main.c" -mcpu=cortex-m4 -std=gnu11 -g3 -DDEBUG -DNUCLEO_F411RE -DSTM32 -DSTM32F4 -DSTM32F411RETx -c -I../Inc -O3 -ffunction-sections -fdata-sections -Wall -fstack-usage -fcyclomatic-complexity -MMD -MP -MF"Src/main.d" -MT"Src/main.o" --specs=nano.specs -mfpu=fpv4-sp-d16 -mfloat-abi=hard -mthumb -o "Src/main.o"
../Src/main.c:22:4: warning: #warning "FPU is not initialized, but the project is compiling for an FPU. Please initialize the FPU before use." [-Wcpp]
   22 |   #warning "FPU is not initialized, but the project is compiling for an FPU. Please initialize the FPU before use."
      |    ^~~~~~~
arm-none-eabi-gcc -o "007Volatile.elf" @"objects.list"   -mcpu=cortex-m4 -T"/home/thales/Documents/3_Study/4_embedded/1_Embedded_C/1_Workspace/007Volatile/STM32F411RETX_FLASH.ld" --specs=nosys.specs -Wl,-Map="007Volatile.map" -Wl,--gc-sections -static --specs=nano.specs -mfpu=fpv4-sp-d16 -mfloat-abi=hard -mthumb -Wl,--start-group -lc -lm -Wl,--end-group
Finished building target: 007Volatile.elf
 
arm-none-eabi-size   007Volatile.elf 
arm-none-eabi-objdump -h -S  007Volatile.elf  > "007Volatile.list"
   text	   data	    bss	    dec	    hex	filename
    740	      8	   1568	   2316	    90c	007Volatile.elf
Finished building: default.size.stdout
 
Finished building: 007Volatile.list
 

10:26:12 Build Finished. 0 errors, 1 warnings. (took 724ms)

