07:17:32 **** Incremental Build of configuration Debug for project 009ToggleLed_Bitfield ****
make -j12 all 
arm-none-eabi-gcc "../Src/main.c" -mcpu=cortex-m4 -std=gnu11 -g3 -DDEBUG -DNUCLEO_F411RE -DSTM32 -DSTM32F4 -DSTM32F411RETx -c -I../Inc -O0 -ffunction-sections -fdata-sections -Wall -fstack-usage -fcyclomatic-complexity -MMD -MP -MF"Src/main.d" -MT"Src/main.o" --specs=nano.specs -mfpu=fpv4-sp-d16 -mfloat-abi=hard -mthumb -o "Src/main.o"
../Src/main.c:23:4: warning: #warning "FPU is not initialized, but the project is compiling for an FPU. Please initialize the FPU before use." [-Wcpp]
   23 |   #warning "FPU is not initialized, but the project is compiling for an FPU. Please initialize the FPU before use."
      |    ^~~~~~~
arm-none-eabi-gcc -o "009ToggleLed_Bitfield.elf" @"objects.list"   -mcpu=cortex-m4 -T"/home/thales/Documents/3_Study/4_embedded/1_Embedded_C/1_Workspace/009ToggleLed_Bitfield/STM32F411RETX_FLASH.ld" --specs=nosys.specs -Wl,-Map="009ToggleLed_Bitfield.map" -Wl,--gc-sections -static --specs=nano.specs -mfpu=fpv4-sp-d16 -mfloat-abi=hard -mthumb -Wl,--start-group -lc -lm -Wl,--end-group
Finished building target: 009ToggleLed_Bitfield.elf
 
arm-none-eabi-size   009ToggleLed_Bitfield.elf 
arm-none-eabi-objdump -h -S  009ToggleLed_Bitfield.elf  > "009ToggleLed_Bitfield.list"
   text	   data	    bss	    dec	    hex	filename
    768	      8	   1568	   2344	    928	009ToggleLed_Bitfield.elf
Finished building: default.size.stdout
 
Finished building: 009ToggleLed_Bitfield.list
 
07:17:36 **** Incremental Build of configuration Debug for project 009ToggleLed_Bitfield ****
make -j12 all 
arm-none-eabi-size   009ToggleLed_Bitfield.elf 
   text	   data	    bss	    dec	    hex	filename
    768	      8	   1568	   2344	    928	009ToggleLed_Bitfield.elf
Finished building: default.size.stdout
 
